<area shape="rect" href="$class_entity_1_1_loader.html#57f9d991256d8ad2ae0c509ca31e3864" title="Creates the worldEntity using the provided factory and returns a reference to it..." alt="" coords="261,56,429,83">
<area shape="rect" href="$class_entity_manager.html#a6f5279851fc4362a9baed5b4d6a1e9f" title="Retrieves the entity information for an entity named by the given string. Loads this..." alt="" coords="477,56,661,83">
<area shape="rect" href="$class_level.html#874bc0b76f9ffd38ad1b6a3289e64b28" title="Load the level from the given xml definition. Loads in all entities from the EntityManager..." alt="" coords="709,56,792,83">
<area shape="rect" href="$class_level_manager.html#aa571c209f5db748d24d9c16968f7c17" title="Go to the next level. Handles the updating of UserInterface, etc. Returns false if..." alt="" coords="844,6,1007,32">
<area shape="rect" href="$class_level_manager.html#88973f5a755e051a86661ed99d6e688b" title="Repeat the current level, re&#45;initializing all the variables to what they were at..." alt="" coords="853,56,997,83">
<area shape="rect" href="$class_level_manager.html#5d39fdf1f272ccfb5a8fb898a970e2c4" title="LevelManager::startGame" alt="" coords="841,107,1009,134">
<area shape="rect" href="$main_8cpp.html#ee8048628ff2b5c026c9e15acdcaacb8" title="init" alt="" coords="1060,107,1097,134">
<area shape="rect" href="$class_input_1_1_keyboard.html#6c895cc85fb33b082b36231898535857" title="init() should be overridden by the derived class, it is called in registerDevice()..." alt="" coords="1148,31,1284,58">
<area shape="rect" href="$class_input_1_1_wiimote.html#0e01345d08e26f5e9d499a453a51ced0" title="init() should be overridden by the derived class, it is called in registerDevice()..." alt="" coords="1151,82,1281,108">
<area shape="rect" href="$main_8cpp.html#e66f6b31b5ad750f1fe042a706a4e3d4" title="main" alt="" coords="1192,132,1240,159">
<area shape="rect" href="$class_input_manager.html#56c1d32f7d6cd3648526e65709c1b8fa" title="Initialize the input system." alt="" coords="1335,82,1457,108">
