<area shape="rect" href="$class_input_1_1_keyboard.html" title="Keyboard is a specialization of the InputDevice provided by the InputManager by default..." alt="" coords="5,246,133,1062">
<area shape="rect" href="$class_input_1_1_wiimote.html" title="{Input::Wiimote\n|+ WII_MOVE_HANDS_OUTWARD\l+ WII_MOVE_HANDS_INWARD\l+ WII_RIGHT_HAND_UP\l+ WII_BOTH_HANDS_DOWN\l+ WII_RIGHT_HAND_RIGHT\l+ WII_RIGHT_HAND_LEFT\l+ WII_A_BUTTON\l+ WII_B_BUTTON\l+ WII_PLUS_BUTTON\l+ WII_MINUS_BUTTON\l+ WII_Z_BUTTON\l+ WII_C_BUTTON\l+ WII_1_BUTTON\l+ WII_2_BUTTON\l# LEDs\l# battery_level\l# attachment\l# moteID\l# wiimotes\l# hands_out\l# hands_in\l# right_hand_up\l# both_hands_down\l# right_hand_right\l# right_hand_left\l|+ toggleRumble()\l+ getBatteryLevel()\l+ hasAttachement()\l+ whichLEDs()\l+ joystickAngle()\l+ joystickMagnitude()\l+ toggleLED()\l+ Wiimote()\l+ ~Wiimote()\l# handle_event()\l# handle_ctrl_status()\l# init()\l# read()\l# release()\l# buttonStatus()\l# operator()()\l}" alt="" coords="157,302,381,1006">
