<area shape="rect" href="$class_c_singleton.html" title="{CSingleton\&lt; EntityManager \&gt;\n|&#45; m_instance\l|+ getSingleton()\l+ getSingletonPtr()\l+ destroy()\l# CSingleton()\l# ~CSingleton()\l&#45; CSingleton()\l}" alt="" coords="17,229,209,389">
<area shape="rect" href="$class_c_singleton.html" title="{CSingleton\&lt; PhysicsManager \&gt;\n|&#45; m_instance\l|+ getSingleton()\l+ getSingletonPtr()\l+ destroy()\l# CSingleton()\l# ~CSingleton()\l&#45; CSingleton()\l}" alt="" coords="241,229,447,389">
<area shape="rect" href="$class_c_singleton.html" title="{CSingleton\&lt; LevelManager \&gt;\n|&#45; m_instance\l|+ getSingleton()\l+ getSingletonPtr()\l+ destroy()\l# CSingleton()\l# ~CSingleton()\l&#45; CSingleton()\l}" alt="" coords="473,229,660,389">
<area shape="rect" href="$class_c_singleton.html" title="{CSingleton\&lt; InputManager \&gt;\n|&#45; m_instance\l|+ getSingleton()\l+ getSingletonPtr()\l+ destroy()\l# CSingleton()\l# ~CSingleton()\l&#45; CSingleton()\l}" alt="" coords="693,229,880,389">
<area shape="rect" href="$class_entity_manager.html" title="EntityManager provides an easy and organized way of retrieving entities that were..." alt="" coords="5,536,208,856">
<area shape="rect" href="$class_physics_manager.html" title="LevelManager organizes the transition of levels. It The current level should be retrieved..." alt="" coords="232,528,448,864">
<area shape="rect" href="$class_level_manager.html" title="LevelManager organizes the transition of levels. It The current level should be retrieved..." alt="" coords="472,464,672,928">
<area shape="rect" href="$class_input_manager.html" title="InputManager encapsulates all workings of the InputSystem." alt="" coords="696,440,893,952">
