<area shape="rect" href="$class_input_1_1_input_device.html#2b61eb712f46d515722c60158ac3dd0f" title="Input::InputDevice::getName" alt="" coords="179,123,363,149">
<area shape="rect" href="$class_input_1_1_keyboard.html#6c895cc85fb33b082b36231898535857" title="init() should be overridden by the derived class, it is called in registerDevice()..." alt="" coords="203,275,339,301">
<area shape="rect" href="$class_input_1_1_wiimote.html#0e01345d08e26f5e9d499a453a51ced0" title="init() should be overridden by the derived class, it is called in registerDevice()..." alt="" coords="205,224,336,251">
<area shape="rect" href="$class_mast_event_receiver.html#c908356a8786584cb1491a70ffad6fd7" title="MastEventReceiver::init" alt="" coords="193,325,348,352">
<area shape="rect" href="$main_8cpp.html#ee8048628ff2b5c026c9e15acdcaacb8" title="init" alt="" coords="473,173,511,200">
<area shape="rect" href="$class_input_1_1_keyboard.html#8edc69583627bce0aacf66717e4240cb" title="release() should be overridden by derived class, it is called by InputManager." alt="" coords="411,277,573,304">
<area shape="rect" href="$class_c_singleton.html#76b01ad6bedf1f5313a828ce3035ae6b" title="Gets a reference to the instance of the singleton class." alt="" coords="1113,169,1380,196">
<area shape="rect" href="$class_level_manager.html#3f1ce54834adb960a5b14479fd0a71d7" title="Initialize the LevelManager system. Provide the filename of the XML file that has..." alt="" coords="645,81,771,108">
<area shape="rect" href="$class_level_manager.html#5d39fdf1f272ccfb5a8fb898a970e2c4" title="LevelManager::startGame" alt="" coords="624,232,792,259">
<area shape="rect" href="$class_entity_manager.html#1d1254a497aeaecddd512db6b76582cd" title="Add new entity definitions. This function is the same as init in that it loads in..." alt="" coords="844,5,1063,32">
<area shape="rect" href="$class_entity_manager.html#52ecdb78de6f3ac7ec75629df546e90f" title="Initialize the Entity system. Provide the filename of the XML file that has the global..." alt="" coords="888,56,1019,83">
<area shape="rect" href="$class_entity_1_1_loader.html#16daef119d065ec413dcfcb975537481" title="Returns the factory pointer given a type name string. This should be used by EntityManager..." alt="" coords="1161,5,1332,32">
<area shape="rect" href="$class_entity_1_1_loader.html#6c612adfb9a0fee09a03c975a3964229" title="Registers a factory and type into the Loader. These are hard coded in the EntityManager..." alt="" coords="1148,56,1345,83">
<area shape="rect" href="$class_level.html#874bc0b76f9ffd38ad1b6a3289e64b28" title="Load the level from the given xml definition. Loads in all entities from the EntityManager..." alt="" coords="912,232,995,259">
<area shape="rect" href="$class_world_entity.html#78caa6140616d2a8963a0dd0140601fc" title="WorldEntity::changeState" alt="" coords="1161,271,1332,297">
<area shape="rect" href="$class_entity_manager.html#a6f5279851fc4362a9baed5b4d6a1e9f" title="Retrieves the entity information for an entity named by the given string. Loads this..." alt="" coords="1155,321,1339,348">
<area shape="rect" href="$class_level_manager.html#175e1bac6656b82c7ea680d304b4bd1e" title="LevelManager::getSceneManager" alt="" coords="1140,372,1353,399">
<area shape="rect" href="$class_world_entity.html#246a68e479ff5059858a753f8a2c5c8d" title="WorldEntity::setLocation" alt="" coords="1165,220,1328,247">
<area shape="rect" href="$class_entity_1_1_loader.html#57f9d991256d8ad2ae0c509ca31e3864" title="Creates the worldEntity using the provided factory and returns a reference to it..." alt="" coords="1429,321,1597,348">
<area shape="rect" href="$class_entity_1_1_entity_factory.html#e1bacbc631488f64e142b62fc7f93514" title="Each child class of EntityFactory should implement the way it wishes to load its..." alt="" coords="1645,321,1853,348">
<area shape="rect" href="$class_input_1_1_input_device.html#611b89adf7cc7600bdaeb37ef8dda51f" title="release() should be overridden by derived class, it is called by InputManager." alt="" coords="621,283,795,309">
<area shape="rect" href="$class_input_1_1_wiimote.html#ed5698766b655d5d28e6cc1a059058fe" title="release() should be overridden by derived class, it is called by InputManager." alt="" coords="415,224,569,251">
