<area shape="rect" href="$_entity_manager_8h.html" title="C:/Users/chase/Desktop/game2/edge/bouncibility/include/EntityManager.h" alt="" coords="859,80,1309,107">
<area shape="rect" href="$_inputmanager_8h.html" title="C:/Users/chase/Desktop/game2/edge/bouncibility/include/Inputmanager.h" alt="" coords="1333,80,1779,107">
<area shape="rect" href="$_entity_manager_8cpp.html" title="C:/Users/chase/Desktop/game2/edge/bouncibility/src/EntityManager.cpp" alt="" coords="5,155,448,182">
<area shape="rect" href="$_level_8cpp.html" title="C:/Users/chase/Desktop/game2/edge/bouncibility/src/Level.cpp" alt="" coords="472,155,859,182">
<area shape="rect" href="$_level_manager_8cpp.html" title="C:/Users/chase/Desktop/game2/edge/bouncibility/src/LevelManager.cpp" alt="" coords="883,155,1320,182">
<area shape="rect" href="$main_8cpp.html" title="C:/Users/chase/Desktop/game2/edge/bouncibility/test/main.cpp" alt="" coords="1344,155,1733,182">
<area shape="rect" href="$_inputmanager_8cpp.html" title="C:/Users/chase/Desktop/game2/edge/bouncibility/src/Inputmanager.cpp" alt="" coords="1757,155,2192,182">
