<area shape="rect" href="$class_level_manager.html#aa571c209f5db748d24d9c16968f7c17" title="Go to the next level. Handles the updating of UserInterface, etc. Returns false if..." alt="" coords="140,6,303,32">
<area shape="rect" href="$class_level_manager.html#88973f5a755e051a86661ed99d6e688b" title="Repeat the current level, re&#45;initializing all the variables to what they were at..." alt="" coords="149,56,293,83">
<area shape="rect" href="$class_level_manager.html#5d39fdf1f272ccfb5a8fb898a970e2c4" title="LevelManager::startGame" alt="" coords="137,107,305,134">
<area shape="rect" href="$main_8cpp.html#ee8048628ff2b5c026c9e15acdcaacb8" title="init" alt="" coords="356,107,393,134">
<area shape="rect" href="$class_input_1_1_keyboard.html#6c895cc85fb33b082b36231898535857" title="init() should be overridden by the derived class, it is called in registerDevice()..." alt="" coords="444,31,580,58">
<area shape="rect" href="$class_input_1_1_wiimote.html#0e01345d08e26f5e9d499a453a51ced0" title="init() should be overridden by the derived class, it is called in registerDevice()..." alt="" coords="447,82,577,108">
<area shape="rect" href="$main_8cpp.html#e66f6b31b5ad750f1fe042a706a4e3d4" title="main" alt="" coords="488,132,536,159">
<area shape="rect" href="$class_input_manager.html#56c1d32f7d6cd3648526e65709c1b8fa" title="Initialize the input system." alt="" coords="631,82,753,108">
