<area shape="rect" href="$ball_8h.html" title="C:/Users/chase/Desktop/game2/edge/bouncibility/include/ball.h" alt="" coords="155,154,541,181">
<area shape="rect" href="$_entity_manager_8cpp.html" title="C:/Users/chase/Desktop/game2/edge/bouncibility/src/EntityManager.cpp" alt="" coords="408,229,851,256">
<area shape="rect" href="$_world_entity_8h.html" title="C:/Users/chase/Desktop/game2/edge/bouncibility/include/WorldEntity.h" alt="" coords="680,80,1115,106">
<area shape="rect" href="$_level_8cpp.html" title="C:/Users/chase/Desktop/game2/edge/bouncibility/src/Level.cpp" alt="" coords="1117,154,1504,181">
<area shape="rect" href="$main_8cpp.html" title="C:/Users/chase/Desktop/game2/edge/bouncibility/test/main.cpp" alt="" coords="1528,154,1917,181">
<area shape="rect" href="$_level_8h.html" title="C:/Users/chase/Desktop/game2/edge/bouncibility/include/Level.h" alt="" coords="1259,80,1653,106">
<area shape="rect" href="$_level_manager_8cpp.html" title="C:/Users/chase/Desktop/game2/edge/bouncibility/src/LevelManager.cpp" alt="" coords="1941,154,2379,181">
<area shape="rect" href="$_level_manager_8h.html" title="C:/Users/chase/Desktop/game2/edge/bouncibility/include/LevelManager.h" alt="" coords="1677,80,2123,106">
<area shape="rect" href="$_physics_manager_8h.html" title="C:/Users/chase/Desktop/game2/edge/bouncibility/include/PhysicsManager.h" alt="" coords="2197,80,2661,106">
<area shape="rect" href="$_inputmanager_8cpp.html" title="C:/Users/chase/Desktop/game2/edge/bouncibility/src/Inputmanager.cpp" alt="" coords="2685,80,3120,106">
<area shape="rect" href="$ball_8cpp.html" title="C:/Users/chase/Desktop/game2/edge/bouncibility/src/ball.cpp" alt="" coords="5,229,384,256">
<area shape="rect" href="$_world_entity_8cpp.html" title="C:/Users/chase/Desktop/game2/edge/bouncibility/src/WorldEntity.cpp" alt="" coords="667,154,1093,181">
