<area shape="rect" href="$class_level.html#874bc0b76f9ffd38ad1b6a3289e64b28" title="Load the level from the given xml definition. Loads in all entities from the EntityManager..." alt="" coords="224,56,307,83">
<area shape="rect" href="$class_level_manager.html#aa571c209f5db748d24d9c16968f7c17" title="Go to the next level. Handles the updating of UserInterface, etc. Returns false if..." alt="" coords="359,6,521,32">
<area shape="rect" href="$class_level_manager.html#88973f5a755e051a86661ed99d6e688b" title="Repeat the current level, re&#45;initializing all the variables to what they were at..." alt="" coords="368,56,512,83">
<area shape="rect" href="$class_level_manager.html#5d39fdf1f272ccfb5a8fb898a970e2c4" title="LevelManager::startGame" alt="" coords="356,107,524,134">
<area shape="rect" href="$main_8cpp.html#ee8048628ff2b5c026c9e15acdcaacb8" title="init" alt="" coords="575,107,612,134">
<area shape="rect" href="$class_input_1_1_keyboard.html#6c895cc85fb33b082b36231898535857" title="init() should be overridden by the derived class, it is called in registerDevice()..." alt="" coords="663,31,799,58">
<area shape="rect" href="$class_input_1_1_wiimote.html#0e01345d08e26f5e9d499a453a51ced0" title="init() should be overridden by the derived class, it is called in registerDevice()..." alt="" coords="665,82,796,108">
<area shape="rect" href="$main_8cpp.html#e66f6b31b5ad750f1fe042a706a4e3d4" title="main" alt="" coords="707,132,755,159">
<area shape="rect" href="$class_input_manager.html#56c1d32f7d6cd3648526e65709c1b8fa" title="Initialize the input system." alt="" coords="849,82,972,108">
